// Jest Snapshot v1, https://goo.gl/fbAQLP

exports[`LinkedList map 1`] = `"(2, 4, 6)"`;

exports[`LinkedList pop 1`] = `"(1, 2, 3)"`;

exports[`LinkedList pop 2`] = `"(1, 2)"`;

exports[`LinkedList push 1`] = `"(1, 2, 3)"`;

exports[`LinkedList remove 1`] = `"(0, 1, 2, 2, 3, 4)"`;

exports[`LinkedList remove 2`] = `"(0, 1, 2, 2, 4)"`;

exports[`LinkedList remove 3`] = `"(1, 2, 2, 4)"`;

exports[`LinkedList remove 4`] = `"(1, 2, 2)"`;

exports[`LinkedList remove 5`] = `"(1, 2)"`;

exports[`LinkedList remove 6`] = `"(2, 2, 2)"`;

exports[`LinkedList shift 1`] = `"(1, 2, 3)"`;

exports[`LinkedList unshift 1`] = `"(1, 2, 3)"`;

exports[`LinkedList unshift 2`] = `"(2, 3)"`;
